// Jest Snapshot v1, https://goo.gl/fbAQLP

exports[`app getApp + getOptions 1`] = `
Array [
  Object {
    "context": "<PROJECT_ROOT>/test/fixtures/basic",
    "devtool": "source-map",
    "entry": Array [
      "./app.js",
    ],
    "output": Object {
      "filename": "./output.js",
      "path": "<PROJECT_ROOT>/test/fixtures/basic",
    },
    "plugins": Array [
      TimeFixPlugin {
        "watchOffset": 11000,
      },
      NamedModulesPlugin {
        "options": Object {},
      },
    ],
    "serve": Object {},
  },
]
`;

exports[`app getApp + getOptions 2`] = `
Object {
  "clipboard": true,
  "compiler": null,
  "content": Array [
    "<PROJECT_ROOT>/test/fixtures/basic",
  ],
  "devMiddleware": Object {
    "logLevel": "silent",
    "publicPath": "/",
  },
  "host": "localhost",
  "hotClient": Object {
    "host": "localhost",
    "logLevel": "silent",
  },
  "http2": false,
  "https": null,
  "logLevel": "silent",
  "logTime": false,
  "open": false,
  "port": 8080,
  "protocol": "http",
}
`;

exports[`app getApp + getOptions 3`] = `"Server"`;

exports[`app getApp 1`] = `
Object {
  "env": "test",
  "proxy": false,
  "subdomainOffset": 2,
}
`;

exports[`app getApp 2`] = `"Server"`;
